
> travel-app@0.1.0 build
> next build

npm : ΓÜá Warning: Next.js 
inferred your workspace 
root, but it may not be 
correct.
At line:1 char:1
+ npm run build 2>&1 | 
Tee-Object -FilePath 
"build_output.txt"; Get-Con 
...
+ ~~~~~~~~~~~~~~~~~~
    + CategoryInfo           
   : NotSpecified: (ΓÜá War  
  ning: Ne...not be correc   
 t.:String) [], RemoteExc    
eption
    + FullyQualifiedErrorId  
   : NativeCommandError
 
 We detected multiple 
lockfiles and selected the 
directory of C:\Users\Lahir\p
ackage-lock.json as the root 
directory.
 To silence this warning, 
set `turbopack.root` in your 
Next.js config, or consider 
removing one of the 
lockfiles if it's not needed.
   See https://nextjs.org/doc
s/app/api-reference/config/ne
xt-config-js/turbopack#root-d
irectory for more 
information.
 Detected additional 
lockfiles: 
   * 
C:\Users\Lahir\Desktop\Red El
ephant\web\web\travel-app\pac
kage-lock.json


> Build error occurred
Error: ENOTEMPTY: directory 
not empty, rmdir 
'C:\Users\Lahir\Desktop\Red E
lephant\web\web\travel-app\.n
ext\server\app\weddings'
    at ignore-listed frames {
  errno: -4051,
  code: 'ENOTEMPTY',
  syscall: 'rmdir',
  path: 'C:\\Users\\Lahir\\De
sktop\\Red Elephant\\web\\web
\\travel-app\\.next\\server\\
app\\weddings'
}
